Starting benchmark runs...
Binary: ./bin/RTLBenchmarkApp
Log: ./benchmark_runs.log
===================================
>>> Run 1: workload scale = 0

======== RTL Benchmark Configuration ========
Workload: concatenate string of length 500
Scale   : 0 iterations
=============================================

2025-09-11T00:26:58+05:30
Running ./bin/RTLBenchmarkApp
Run on (16 X 3673.84 MHz CPU s)
CPU Caches:
  L1 Data 48 KiB (x8)
  L1 Instruction 32 KiB (x8)
  L2 Unified 1280 KiB (x8)
  L3 Unified 20480 KiB (x1)
Load Average: 0.50, 0.43, 0.62
--------------------------------------------------------------------------
Benchmark                                Time             CPU   Iterations
--------------------------------------------------------------------------
DirectCall::noReturn                  2.68 ns         2.68 ns    261129948
StdFuncCall::noReturn                 3.63 ns         3.63 ns    205756521
ReflectedCall::noReturn               4.56 ns         4.56 ns    152287993

StdFuncMethodCall::noReturn           3.66 ns         3.66 ns    190424278
ReflectedMethodCall::noReturn         7.58 ns         7.58 ns     91861976
--------------------------------------------------------------------------
DirectCall::withReturn                7.99 ns         7.99 ns     87640884
StdFuncCall::withReturn               8.19 ns         8.19 ns     85275679
ReflectedCall::withReturn             16.4 ns         16.4 ns     42162218

StdFuncMethodCall::withReturn         8.19 ns         8.19 ns     85314435
ReflectedMethodCall::withReturn       18.4 ns         18.4 ns     38123916
-----------------------------------
>>> Run 2: workload scale = 0

======== RTL Benchmark Configuration ========
Workload: concatenate string of length 500
Scale   : 0 iterations
=============================================

2025-09-11T00:27:07+05:30
Running ./bin/RTLBenchmarkApp
Run on (16 X 4900 MHz CPU s)
CPU Caches:
  L1 Data 48 KiB (x8)
  L1 Instruction 32 KiB (x8)
  L2 Unified 1280 KiB (x8)
  L3 Unified 20480 KiB (x1)
Load Average: 0.58, 0.45, 0.63
--------------------------------------------------------------------------
Benchmark                                Time             CPU   Iterations
--------------------------------------------------------------------------
DirectCall::noReturn                  2.68 ns         2.68 ns    261249982
StdFuncCall::noReturn                 3.53 ns         3.53 ns    193958493
ReflectedCall::noReturn               4.54 ns         4.54 ns    154118128

StdFuncMethodCall::noReturn           3.70 ns         3.70 ns    189590103
ReflectedMethodCall::noReturn         7.66 ns         7.66 ns     92278133
--------------------------------------------------------------------------
DirectCall::withReturn                7.98 ns         7.98 ns     87518334
StdFuncCall::withReturn               8.20 ns         8.20 ns     85410105
ReflectedCall::withReturn             16.5 ns         16.5 ns     42955309

StdFuncMethodCall::withReturn         8.19 ns         8.19 ns     85484532
ReflectedMethodCall::withReturn       18.5 ns         18.5 ns     37798366
-----------------------------------
>>> Run 3: workload scale = 0

======== RTL Benchmark Configuration ========
Workload: concatenate string of length 500
Scale   : 0 iterations
=============================================

2025-09-11T00:27:17+05:30
Running ./bin/RTLBenchmarkApp
Run on (16 X 4894.06 MHz CPU s)
CPU Caches:
  L1 Data 48 KiB (x8)
  L1 Instruction 32 KiB (x8)
  L2 Unified 1280 KiB (x8)
  L3 Unified 20480 KiB (x1)
Load Average: 0.64, 0.47, 0.63
--------------------------------------------------------------------------
Benchmark                                Time             CPU   Iterations
--------------------------------------------------------------------------
DirectCall::noReturn                  2.68 ns         2.68 ns    262137459
StdFuncCall::noReturn                 3.66 ns         3.66 ns    186118715
ReflectedCall::noReturn               4.56 ns         4.56 ns    152295433

StdFuncMethodCall::noReturn           3.65 ns         3.65 ns    193507678
ReflectedMethodCall::noReturn         7.68 ns         7.68 ns     89857228
--------------------------------------------------------------------------
DirectCall::withReturn                7.99 ns         7.99 ns     87152273
StdFuncCall::withReturn               8.19 ns         8.19 ns     84706545
ReflectedCall::withReturn             16.3 ns         16.3 ns     42842896

StdFuncMethodCall::withReturn         8.19 ns         8.19 ns     84681044
ReflectedMethodCall::withReturn       18.5 ns         18.5 ns     38078832
-----------------------------------
>>> Run 4: workload scale = 0

======== RTL Benchmark Configuration ========
Workload: concatenate string of length 500
Scale   : 0 iterations
=============================================

2025-09-11T00:27:26+05:30
Running ./bin/RTLBenchmarkApp
Run on (16 X 3764.4 MHz CPU s)
CPU Caches:
  L1 Data 48 KiB (x8)
  L1 Instruction 32 KiB (x8)
  L2 Unified 1280 KiB (x8)
  L3 Unified 20480 KiB (x1)
Load Average: 0.70, 0.48, 0.64
--------------------------------------------------------------------------
Benchmark                                Time             CPU   Iterations
--------------------------------------------------------------------------
DirectCall::noReturn                  2.69 ns         2.69 ns    261376697
StdFuncCall::noReturn                 3.71 ns         3.71 ns    190913629
ReflectedCall::noReturn               4.71 ns         4.71 ns    150141200

StdFuncMethodCall::noReturn           3.64 ns         3.64 ns    192162902
ReflectedMethodCall::noReturn         7.67 ns         7.67 ns     90578497
--------------------------------------------------------------------------
DirectCall::withReturn                8.19 ns         8.19 ns     85408568
StdFuncCall::withReturn               8.39 ns         8.39 ns     83226473
ReflectedCall::withReturn             16.7 ns         16.7 ns     41844284

StdFuncMethodCall::withReturn         8.39 ns         8.39 ns     83073249
ReflectedMethodCall::withReturn       18.4 ns         18.4 ns     37663093
-----------------------------------
>>> Run 5: workload scale = 0

======== RTL Benchmark Configuration ========
Workload: concatenate string of length 500
Scale   : 0 iterations
=============================================

2025-09-11T00:27:35+05:30
Running ./bin/RTLBenchmarkApp
Run on (16 X 1321.93 MHz CPU s)
CPU Caches:
  L1 Data 48 KiB (x8)
  L1 Instruction 32 KiB (x8)
  L2 Unified 1280 KiB (x8)
  L3 Unified 20480 KiB (x1)
Load Average: 0.72, 0.49, 0.64
--------------------------------------------------------------------------
Benchmark                                Time             CPU   Iterations
--------------------------------------------------------------------------
DirectCall::noReturn                  2.69 ns         2.69 ns    259677166
StdFuncCall::noReturn                 3.63 ns         3.63 ns    190282286
ReflectedCall::noReturn               4.64 ns         4.64 ns    150576640

StdFuncMethodCall::noReturn           3.70 ns         3.70 ns    189991616
ReflectedMethodCall::noReturn         7.59 ns         7.58 ns     88533673
--------------------------------------------------------------------------
DirectCall::withReturn                7.98 ns         7.98 ns     86873175
StdFuncCall::withReturn               8.20 ns         8.20 ns     84535948
ReflectedCall::withReturn             16.5 ns         16.5 ns     42143122

StdFuncMethodCall::withReturn         8.19 ns         8.19 ns     85127244
ReflectedMethodCall::withReturn       18.7 ns         18.7 ns     37470244
-----------------------------------
>>> Run 6: workload scale = 0

======== RTL Benchmark Configuration ========
Workload: concatenate string of length 500
Scale   : 0 iterations
=============================================

2025-09-11T00:27:45+05:30
Running ./bin/RTLBenchmarkApp
Run on (16 X 2798.79 MHz CPU s)
CPU Caches:
  L1 Data 48 KiB (x8)
  L1 Instruction 32 KiB (x8)
  L2 Unified 1280 KiB (x8)
  L3 Unified 20480 KiB (x1)
Load Average: 0.76, 0.51, 0.64
--------------------------------------------------------------------------
Benchmark                                Time             CPU   Iterations
--------------------------------------------------------------------------
DirectCall::noReturn                  2.68 ns         2.68 ns    258313912
StdFuncCall::noReturn                 3.45 ns         3.45 ns    202668270
ReflectedCall::noReturn               4.45 ns         4.45 ns    155726805

StdFuncMethodCall::noReturn           3.66 ns         3.66 ns    195257109
ReflectedMethodCall::noReturn         7.72 ns         7.71 ns     91691488
--------------------------------------------------------------------------
DirectCall::withReturn                8.40 ns         8.40 ns     83232030
StdFuncCall::withReturn               8.19 ns         8.19 ns     84719682
ReflectedCall::withReturn             16.4 ns         16.4 ns     41763228

StdFuncMethodCall::withReturn         8.19 ns         8.19 ns     85406769
ReflectedMethodCall::withReturn       18.5 ns         18.5 ns     38342729
-----------------------------------
>>> Run 7: workload scale = 0

======== RTL Benchmark Configuration ========
Workload: concatenate string of length 500
Scale   : 0 iterations
=============================================

2025-09-11T00:27:54+05:30
Running ./bin/RTLBenchmarkApp
Run on (16 X 4820.72 MHz CPU s)
CPU Caches:
  L1 Data 48 KiB (x8)
  L1 Instruction 32 KiB (x8)
  L2 Unified 1280 KiB (x8)
  L3 Unified 20480 KiB (x1)
Load Average: 0.80, 0.53, 0.65
--------------------------------------------------------------------------
Benchmark                                Time             CPU   Iterations
--------------------------------------------------------------------------
DirectCall::noReturn                  2.70 ns         2.70 ns    255687919
StdFuncCall::noReturn                 3.80 ns         3.80 ns    192744917
ReflectedCall::noReturn               4.54 ns         4.54 ns    155638851

StdFuncMethodCall::noReturn           3.71 ns         3.71 ns    189990747
ReflectedMethodCall::noReturn         7.65 ns         7.65 ns     90475902
--------------------------------------------------------------------------
DirectCall::withReturn                8.41 ns         8.41 ns     82783681
StdFuncCall::withReturn               8.19 ns         8.19 ns     85113727
ReflectedCall::withReturn             16.4 ns         16.3 ns     43469078

StdFuncMethodCall::withReturn         8.21 ns         8.21 ns     85061209
ReflectedMethodCall::withReturn       18.4 ns         18.4 ns     38318216
-----------------------------------
>>> Run 8: workload scale = 0

======== RTL Benchmark Configuration ========
Workload: concatenate string of length 500
Scale   : 0 iterations
=============================================

2025-09-11T00:28:04+05:30
Running ./bin/RTLBenchmarkApp
Run on (16 X 800 MHz CPU s)
CPU Caches:
  L1 Data 48 KiB (x8)
  L1 Instruction 32 KiB (x8)
  L2 Unified 1280 KiB (x8)
  L3 Unified 20480 KiB (x1)
Load Average: 0.83, 0.54, 0.65
--------------------------------------------------------------------------
Benchmark                                Time             CPU   Iterations
--------------------------------------------------------------------------
DirectCall::noReturn                  2.67 ns         2.67 ns    259545419
StdFuncCall::noReturn                 3.68 ns         3.68 ns    186620879
ReflectedCall::noReturn               4.68 ns         4.68 ns    151229098

StdFuncMethodCall::noReturn           3.69 ns         3.69 ns    192148650
ReflectedMethodCall::noReturn         7.65 ns         7.64 ns     92628011
--------------------------------------------------------------------------
DirectCall::withReturn                7.98 ns         7.98 ns     87367388
StdFuncCall::withReturn               8.20 ns         8.20 ns     85464076
ReflectedCall::withReturn             16.4 ns         16.4 ns     41631547

StdFuncMethodCall::withReturn         8.19 ns         8.19 ns     84841078
ReflectedMethodCall::withReturn       18.5 ns         18.5 ns     38096443
-----------------------------------
>>> Run 9: workload scale = 0

======== RTL Benchmark Configuration ========
Workload: concatenate string of length 500
Scale   : 0 iterations
=============================================

2025-09-11T00:28:13+05:30
Running ./bin/RTLBenchmarkApp
Run on (16 X 2581.19 MHz CPU s)
CPU Caches:
  L1 Data 48 KiB (x8)
  L1 Instruction 32 KiB (x8)
  L2 Unified 1280 KiB (x8)
  L3 Unified 20480 KiB (x1)
Load Average: 0.86, 0.56, 0.66
--------------------------------------------------------------------------
Benchmark                                Time             CPU   Iterations
--------------------------------------------------------------------------
DirectCall::noReturn                  2.69 ns         2.69 ns    261320876
StdFuncCall::noReturn                 3.76 ns         3.76 ns    183274387
ReflectedCall::noReturn               4.55 ns         4.55 ns    154257846

StdFuncMethodCall::noReturn           3.69 ns         3.69 ns    183824695
ReflectedMethodCall::noReturn         7.67 ns         7.67 ns     91673266
--------------------------------------------------------------------------
DirectCall::withReturn                8.39 ns         8.39 ns     82340975
StdFuncCall::withReturn               8.19 ns         8.19 ns     85259148
ReflectedCall::withReturn             16.5 ns         16.5 ns     43168408

StdFuncMethodCall::withReturn         8.19 ns         8.19 ns     85150908
ReflectedMethodCall::withReturn       18.4 ns         18.4 ns     38115440
-----------------------------------
>>> Run 10: workload scale = 0

======== RTL Benchmark Configuration ========
Workload: concatenate string of length 500
Scale   : 0 iterations
=============================================

2025-09-11T00:28:22+05:30
Running ./bin/RTLBenchmarkApp
Run on (16 X 4020.89 MHz CPU s)
CPU Caches:
  L1 Data 48 KiB (x8)
  L1 Instruction 32 KiB (x8)
  L2 Unified 1280 KiB (x8)
  L3 Unified 20480 KiB (x1)
Load Average: 0.88, 0.57, 0.66
--------------------------------------------------------------------------
Benchmark                                Time             CPU   Iterations
--------------------------------------------------------------------------
DirectCall::noReturn                  2.68 ns         2.68 ns    261232254
StdFuncCall::noReturn                 3.75 ns         3.75 ns    187932171
ReflectedCall::noReturn               4.51 ns         4.51 ns    152128258

StdFuncMethodCall::noReturn           3.65 ns         3.64 ns    190154894
ReflectedMethodCall::noReturn         7.63 ns         7.63 ns     92473165
--------------------------------------------------------------------------
DirectCall::withReturn                8.40 ns         8.40 ns     83290327
StdFuncCall::withReturn               8.18 ns         8.18 ns     85083846
ReflectedCall::withReturn             16.7 ns         16.7 ns     41687403

StdFuncMethodCall::withReturn         8.20 ns         8.20 ns     85490157
ReflectedMethodCall::withReturn       18.5 ns         18.5 ns     38928701
-----------------------------------
>>> Run 1: workload scale = 25

======== RTL Benchmark Configuration ========
Workload: concatenate string of length 500
Scale   : 25 iterations
=============================================

2025-09-11T00:28:32+05:30
Running ./bin/RTLBenchmarkApp
Run on (16 X 3453.76 MHz CPU s)
CPU Caches:
  L1 Data 48 KiB (x8)
  L1 Instruction 32 KiB (x8)
  L2 Unified 1280 KiB (x8)
  L3 Unified 20480 KiB (x1)
Load Average: 0.90, 0.59, 0.66
--------------------------------------------------------------------------
Benchmark                                Time             CPU   Iterations
--------------------------------------------------------------------------
DirectCall::noReturn                   301 ns          301 ns      2303982
StdFuncCall::noReturn                  300 ns          300 ns      2342931
ReflectedCall::noReturn                306 ns          306 ns      2284404

StdFuncMethodCall::noReturn            301 ns          301 ns      2329281
ReflectedMethodCall::noReturn          309 ns          309 ns      2277267
--------------------------------------------------------------------------
DirectCall::withReturn                 373 ns          373 ns      1874653
StdFuncCall::withReturn                370 ns          370 ns      1870666
ReflectedCall::withReturn              385 ns          385 ns      1817975

StdFuncMethodCall::withReturn          372 ns          372 ns      1861488
ReflectedMethodCall::withReturn        387 ns          387 ns      1808677
-----------------------------------
>>> Run 2: workload scale = 25

======== RTL Benchmark Configuration ========
Workload: concatenate string of length 500
Scale   : 25 iterations
=============================================

2025-09-11T00:28:42+05:30
Running ./bin/RTLBenchmarkApp
Run on (16 X 1209.55 MHz CPU s)
CPU Caches:
  L1 Data 48 KiB (x8)
  L1 Instruction 32 KiB (x8)
  L2 Unified 1280 KiB (x8)
  L3 Unified 20480 KiB (x1)
Load Average: 0.92, 0.60, 0.67
--------------------------------------------------------------------------
Benchmark                                Time             CPU   Iterations
--------------------------------------------------------------------------
DirectCall::noReturn                   307 ns          307 ns      2302722
StdFuncCall::noReturn                  305 ns          305 ns      2290835
ReflectedCall::noReturn                303 ns          303 ns      2297945

StdFuncMethodCall::noReturn            306 ns          306 ns      2296470
ReflectedMethodCall::noReturn          305 ns          305 ns      2290296
--------------------------------------------------------------------------
DirectCall::withReturn                 380 ns          380 ns      1843902
StdFuncCall::withReturn                430 ns          430 ns      1754632
ReflectedCall::withReturn              440 ns          440 ns      1589233

StdFuncMethodCall::withReturn          431 ns          431 ns      1624807
ReflectedMethodCall::withReturn        433 ns          433 ns      1611959
-----------------------------------
>>> Run 3: workload scale = 25

======== RTL Benchmark Configuration ========
Workload: concatenate string of length 500
Scale   : 25 iterations
=============================================

2025-09-11T00:28:54+05:30
Running ./bin/RTLBenchmarkApp
Run on (16 X 800 MHz CPU s)
CPU Caches:
  L1 Data 48 KiB (x8)
  L1 Instruction 32 KiB (x8)
  L2 Unified 1280 KiB (x8)
  L3 Unified 20480 KiB (x1)
Load Average: 0.93, 0.62, 0.67
--------------------------------------------------------------------------
Benchmark                                Time             CPU   Iterations
--------------------------------------------------------------------------
DirectCall::noReturn                   298 ns          298 ns      2339343
StdFuncCall::noReturn                  298 ns          298 ns      2362369
ReflectedCall::noReturn                301 ns          301 ns      2308822

StdFuncMethodCall::noReturn            297 ns          297 ns      2342636
ReflectedMethodCall::noReturn          341 ns          341 ns      2303815
--------------------------------------------------------------------------
DirectCall::withReturn                 425 ns          425 ns      1654379
StdFuncCall::withReturn                424 ns          424 ns      1650814
ReflectedCall::withReturn              434 ns          434 ns      1612383

StdFuncMethodCall::withReturn          426 ns          426 ns      1639874
ReflectedMethodCall::withReturn        434 ns          434 ns      1616096
-----------------------------------
>>> Run 4: workload scale = 25

======== RTL Benchmark Configuration ========
Workload: concatenate string of length 500
Scale   : 25 iterations
=============================================

2025-09-11T00:29:05+05:30
Running ./bin/RTLBenchmarkApp
Run on (16 X 800 MHz CPU s)
CPU Caches:
  L1 Data 48 KiB (x8)
  L1 Instruction 32 KiB (x8)
  L2 Unified 1280 KiB (x8)
  L3 Unified 20480 KiB (x1)
Load Average: 0.94, 0.63, 0.67
--------------------------------------------------------------------------
Benchmark                                Time             CPU   Iterations
--------------------------------------------------------------------------
DirectCall::noReturn                   341 ns          341 ns      2060360
StdFuncCall::noReturn                  334 ns          334 ns      2092530
ReflectedCall::noReturn                336 ns          336 ns      2084367

StdFuncMethodCall::noReturn            335 ns          335 ns      2086575
ReflectedMethodCall::noReturn          344 ns          344 ns      2032773
--------------------------------------------------------------------------
DirectCall::withReturn                 421 ns          421 ns      1662603
StdFuncCall::withReturn                423 ns          423 ns      1666937
ReflectedCall::withReturn              431 ns          431 ns      1623342

StdFuncMethodCall::withReturn          421 ns          421 ns      1658766
ReflectedMethodCall::withReturn        433 ns          433 ns      1618268
-----------------------------------
>>> Run 5: workload scale = 25

======== RTL Benchmark Configuration ========
Workload: concatenate string of length 500
Scale   : 25 iterations
=============================================

2025-09-11T00:29:16+05:30
Running ./bin/RTLBenchmarkApp
Run on (16 X 4781.24 MHz CPU s)
CPU Caches:
  L1 Data 48 KiB (x8)
  L1 Instruction 32 KiB (x8)
  L2 Unified 1280 KiB (x8)
  L3 Unified 20480 KiB (x1)
Load Average: 1.03, 0.66, 0.68
--------------------------------------------------------------------------
Benchmark                                Time             CPU   Iterations
--------------------------------------------------------------------------
DirectCall::noReturn                   339 ns          339 ns      2086251
StdFuncCall::noReturn                  334 ns          334 ns      2096201
ReflectedCall::noReturn                336 ns          336 ns      2079979

StdFuncMethodCall::noReturn            335 ns          335 ns      2092323
ReflectedMethodCall::noReturn          344 ns          344 ns      2037126
--------------------------------------------------------------------------
DirectCall::withReturn                 420 ns          420 ns      1666613
StdFuncCall::withReturn                420 ns          420 ns      1674857
ReflectedCall::withReturn              431 ns          431 ns      1620878

StdFuncMethodCall::withReturn          420 ns          420 ns      1654424
ReflectedMethodCall::withReturn        432 ns          432 ns      1616853
-----------------------------------
>>> Run 1: workload scale = 50

======== RTL Benchmark Configuration ========
Workload: concatenate string of length 500
Scale   : 50 iterations
=============================================

2025-09-11T00:29:27+05:30
Running ./bin/RTLBenchmarkApp
Run on (16 X 2132.68 MHz CPU s)
CPU Caches:
  L1 Data 48 KiB (x8)
  L1 Instruction 32 KiB (x8)
  L2 Unified 1280 KiB (x8)
  L3 Unified 20480 KiB (x1)
Load Average: 1.34, 0.74, 0.71
--------------------------------------------------------------------------
Benchmark                                Time             CPU   Iterations
--------------------------------------------------------------------------
DirectCall::noReturn                   901 ns          901 ns       759524
StdFuncCall::noReturn                  906 ns          906 ns       767684
ReflectedCall::noReturn                912 ns          912 ns       765256

StdFuncMethodCall::noReturn            906 ns          906 ns       769566
ReflectedMethodCall::noReturn          916 ns          916 ns       762842
--------------------------------------------------------------------------
DirectCall::withReturn                1036 ns         1036 ns       675246
StdFuncCall::withReturn               1035 ns         1034 ns       675401
ReflectedCall::withReturn             1048 ns         1048 ns       667279

StdFuncMethodCall::withReturn         1035 ns         1034 ns       676395
ReflectedMethodCall::withReturn       1053 ns         1053 ns       665275
-----------------------------------
>>> Run 2: workload scale = 50

======== RTL Benchmark Configuration ========
Workload: concatenate string of length 500
Scale   : 50 iterations
=============================================

2025-09-11T00:29:35+05:30
Running ./bin/RTLBenchmarkApp
Run on (16 X 800 MHz CPU s)
CPU Caches:
  L1 Data 48 KiB (x8)
  L1 Instruction 32 KiB (x8)
  L2 Unified 1280 KiB (x8)
  L3 Unified 20480 KiB (x1)
Load Average: 1.32, 0.75, 0.71
--------------------------------------------------------------------------
Benchmark                                Time             CPU   Iterations
--------------------------------------------------------------------------
DirectCall::noReturn                   897 ns          897 ns       759896
StdFuncCall::noReturn                  902 ns          902 ns       776407
ReflectedCall::noReturn                913 ns          913 ns       769246

StdFuncMethodCall::noReturn            902 ns          902 ns       776430
ReflectedMethodCall::noReturn          919 ns          918 ns       760482
--------------------------------------------------------------------------
DirectCall::withReturn                1042 ns         1042 ns       671791
StdFuncCall::withReturn               1041 ns         1041 ns       671217
ReflectedCall::withReturn             1051 ns         1051 ns       664465

StdFuncMethodCall::withReturn         1041 ns         1041 ns       672055
ReflectedMethodCall::withReturn       1057 ns         1057 ns       661898
-----------------------------------
>>> Run 3: workload scale = 50

======== RTL Benchmark Configuration ========
Workload: concatenate string of length 500
Scale   : 50 iterations
=============================================

2025-09-11T00:29:43+05:30
Running ./bin/RTLBenchmarkApp
Run on (16 X 1717.77 MHz CPU s)
CPU Caches:
  L1 Data 48 KiB (x8)
  L1 Instruction 32 KiB (x8)
  L2 Unified 1280 KiB (x8)
  L3 Unified 20480 KiB (x1)
Load Average: 1.27, 0.76, 0.72
--------------------------------------------------------------------------
Benchmark                                Time             CPU   Iterations
--------------------------------------------------------------------------
DirectCall::noReturn                   895 ns          894 ns       770126
StdFuncCall::noReturn                  902 ns          902 ns       775366
ReflectedCall::noReturn                911 ns          911 ns       768376

StdFuncMethodCall::noReturn            901 ns          901 ns       772646
ReflectedMethodCall::noReturn          932 ns          932 ns       748823
--------------------------------------------------------------------------
DirectCall::withReturn                1035 ns         1035 ns       675872
StdFuncCall::withReturn               1034 ns         1034 ns       672118
ReflectedCall::withReturn             1052 ns         1052 ns       661468

StdFuncMethodCall::withReturn         1035 ns         1035 ns       672736
ReflectedMethodCall::withReturn       1061 ns         1061 ns       659470
-----------------------------------
>>> Run 4: workload scale = 50

======== RTL Benchmark Configuration ========
Workload: concatenate string of length 500
Scale   : 50 iterations
=============================================

2025-09-11T00:29:51+05:30
Running ./bin/RTLBenchmarkApp
Run on (16 X 2364.83 MHz CPU s)
CPU Caches:
  L1 Data 48 KiB (x8)
  L1 Instruction 32 KiB (x8)
  L2 Unified 1280 KiB (x8)
  L3 Unified 20480 KiB (x1)
Load Average: 1.23, 0.76, 0.72
--------------------------------------------------------------------------
Benchmark                                Time             CPU   Iterations
--------------------------------------------------------------------------
DirectCall::noReturn                   899 ns          899 ns       757381
StdFuncCall::noReturn                  904 ns          904 ns       769320
ReflectedCall::noReturn                911 ns          911 ns       762634

StdFuncMethodCall::noReturn            902 ns          902 ns       767011
ReflectedMethodCall::noReturn          954 ns          954 ns       726736
--------------------------------------------------------------------------
DirectCall::withReturn                1075 ns         1075 ns       651123
StdFuncCall::withReturn               1078 ns         1078 ns       648677
ReflectedCall::withReturn             1087 ns         1087 ns       640363

StdFuncMethodCall::withReturn         1076 ns         1076 ns       648598
ReflectedMethodCall::withReturn       1118 ns         1118 ns       625917
-----------------------------------
>>> Run 5: workload scale = 50

======== RTL Benchmark Configuration ========
Workload: concatenate string of length 500
Scale   : 50 iterations
=============================================

2025-09-11T00:29:59+05:30
Running ./bin/RTLBenchmarkApp
Run on (16 X 800 MHz CPU s)
CPU Caches:
  L1 Data 48 KiB (x8)
  L1 Instruction 32 KiB (x8)
  L2 Unified 1280 KiB (x8)
  L3 Unified 20480 KiB (x1)
Load Average: 1.21, 0.77, 0.72
--------------------------------------------------------------------------
Benchmark                                Time             CPU   Iterations
--------------------------------------------------------------------------
DirectCall::noReturn                   896 ns          896 ns       767762
StdFuncCall::noReturn                  910 ns          910 ns       763215
ReflectedCall::noReturn                923 ns          923 ns       755913

StdFuncMethodCall::noReturn            910 ns          909 ns       760598
ReflectedMethodCall::noReturn          928 ns          928 ns       750732
--------------------------------------------------------------------------
DirectCall::withReturn                1080 ns         1080 ns       644211
StdFuncCall::withReturn               1081 ns         1081 ns       642103
ReflectedCall::withReturn             1095 ns         1095 ns       638553

StdFuncMethodCall::withReturn         1082 ns         1082 ns       642934
ReflectedMethodCall::withReturn       1098 ns         1098 ns       633816
-----------------------------------
>>> Run 1: workload scale = 75

======== RTL Benchmark Configuration ========
Workload: concatenate string of length 500
Scale   : 75 iterations
=============================================

2025-09-11T00:30:08+05:30
Running ./bin/RTLBenchmarkApp
Run on (16 X 2499.32 MHz CPU s)
CPU Caches:
  L1 Data 48 KiB (x8)
  L1 Instruction 32 KiB (x8)
  L2 Unified 1280 KiB (x8)
  L3 Unified 20480 KiB (x1)
Load Average: 1.17, 0.78, 0.73
--------------------------------------------------------------------------
Benchmark                                Time             CPU   Iterations
--------------------------------------------------------------------------
DirectCall::noReturn                  1718 ns         1718 ns       403509
StdFuncCall::noReturn                 1711 ns         1711 ns       408919
ReflectedCall::noReturn               1719 ns         1719 ns       406569

StdFuncMethodCall::noReturn           1710 ns         1710 ns       409246
ReflectedMethodCall::noReturn         1735 ns         1735 ns       403276
--------------------------------------------------------------------------
DirectCall::withReturn                1942 ns         1942 ns       360231
StdFuncCall::withReturn               1944 ns         1944 ns       359937
ReflectedCall::withReturn             1967 ns         1967 ns       355508

StdFuncMethodCall::withReturn         1945 ns         1945 ns       360153
ReflectedMethodCall::withReturn       1971 ns         1971 ns       354944
-----------------------------------
>>> Run 2: workload scale = 75

======== RTL Benchmark Configuration ========
Workload: concatenate string of length 500
Scale   : 75 iterations
=============================================

2025-09-11T00:30:17+05:30
Running ./bin/RTLBenchmarkApp
Run on (16 X 2418.55 MHz CPU s)
CPU Caches:
  L1 Data 48 KiB (x8)
  L1 Instruction 32 KiB (x8)
  L2 Unified 1280 KiB (x8)
  L3 Unified 20480 KiB (x1)
Load Average: 1.15, 0.78, 0.73
--------------------------------------------------------------------------
Benchmark                                Time             CPU   Iterations
--------------------------------------------------------------------------
DirectCall::noReturn                  1720 ns         1719 ns       403240
StdFuncCall::noReturn                 1711 ns         1711 ns       409539
ReflectedCall::noReturn               1722 ns         1722 ns       407137

StdFuncMethodCall::noReturn           1710 ns         1710 ns       408876
ReflectedMethodCall::noReturn         1735 ns         1735 ns       403563
--------------------------------------------------------------------------
DirectCall::withReturn                1905 ns         1905 ns       364610
StdFuncCall::withReturn               1906 ns         1905 ns       367144
ReflectedCall::withReturn             1932 ns         1931 ns       362876

StdFuncMethodCall::withReturn         1904 ns         1904 ns       367010
ReflectedMethodCall::withReturn       1941 ns         1940 ns       360733
-----------------------------------
>>> Run 3: workload scale = 75

======== RTL Benchmark Configuration ========
Workload: concatenate string of length 500
Scale   : 75 iterations
=============================================

2025-09-11T00:30:26+05:30
Running ./bin/RTLBenchmarkApp
Run on (16 X 4754.64 MHz CPU s)
CPU Caches:
  L1 Data 48 KiB (x8)
  L1 Instruction 32 KiB (x8)
  L2 Unified 1280 KiB (x8)
  L3 Unified 20480 KiB (x1)
Load Average: 1.14, 0.79, 0.73
--------------------------------------------------------------------------
Benchmark                                Time             CPU   Iterations
--------------------------------------------------------------------------
DirectCall::noReturn                  1700 ns         1700 ns       408515
StdFuncCall::noReturn                 1706 ns         1706 ns       411515
ReflectedCall::noReturn               1711 ns         1710 ns       409353

StdFuncMethodCall::noReturn           1702 ns         1702 ns       410901
ReflectedMethodCall::noReturn         1723 ns         1722 ns       406169
--------------------------------------------------------------------------
DirectCall::withReturn                1888 ns         1888 ns       370526
StdFuncCall::withReturn               1888 ns         1887 ns       370612
ReflectedCall::withReturn             1916 ns         1916 ns       365093

StdFuncMethodCall::withReturn         1890 ns         1889 ns       371318
ReflectedMethodCall::withReturn       1927 ns         1927 ns       362766
-----------------------------------
>>> Run 4: workload scale = 75

======== RTL Benchmark Configuration ========
Workload: concatenate string of length 500
Scale   : 75 iterations
=============================================

2025-09-11T00:30:35+05:30
Running ./bin/RTLBenchmarkApp
Run on (16 X 1859.33 MHz CPU s)
CPU Caches:
  L1 Data 48 KiB (x8)
  L1 Instruction 32 KiB (x8)
  L2 Unified 1280 KiB (x8)
  L3 Unified 20480 KiB (x1)
Load Average: 1.11, 0.80, 0.73
--------------------------------------------------------------------------
Benchmark                                Time             CPU   Iterations
--------------------------------------------------------------------------
DirectCall::noReturn                  1708 ns         1707 ns       404396
StdFuncCall::noReturn                 1709 ns         1708 ns       409461
ReflectedCall::noReturn               1717 ns         1717 ns       407033

StdFuncMethodCall::noReturn           1708 ns         1708 ns       409492
ReflectedMethodCall::noReturn         1732 ns         1731 ns       404102
--------------------------------------------------------------------------
DirectCall::withReturn                1949 ns         1948 ns       359921
StdFuncCall::withReturn               1944 ns         1944 ns       360031
ReflectedCall::withReturn             1969 ns         1968 ns       355377

StdFuncMethodCall::withReturn         2043 ns         2042 ns       358913
ReflectedMethodCall::withReturn       2102 ns         2102 ns       351247
-----------------------------------
>>> Run 5: workload scale = 75

======== RTL Benchmark Configuration ========
Workload: concatenate string of length 500
Scale   : 75 iterations
=============================================

2025-09-11T00:30:44+05:30
Running ./bin/RTLBenchmarkApp
Run on (16 X 4274.37 MHz CPU s)
CPU Caches:
  L1 Data 48 KiB (x8)
  L1 Instruction 32 KiB (x8)
  L2 Unified 1280 KiB (x8)
  L3 Unified 20480 KiB (x1)
Load Average: 1.10, 0.80, 0.74
--------------------------------------------------------------------------
Benchmark                                Time             CPU   Iterations
--------------------------------------------------------------------------
DirectCall::noReturn                  1854 ns         1853 ns       369519
StdFuncCall::noReturn                 1804 ns         1804 ns       389051
ReflectedCall::noReturn               1768 ns         1767 ns       372147

StdFuncMethodCall::noReturn           1845 ns         1845 ns       366941
ReflectedMethodCall::noReturn         1892 ns         1891 ns       390576
--------------------------------------------------------------------------
DirectCall::withReturn                2059 ns         2059 ns       321965
StdFuncCall::withReturn               2102 ns         2102 ns       331998
ReflectedCall::withReturn             2122 ns         2122 ns       333219

StdFuncMethodCall::withReturn         2060 ns         2060 ns       333788
ReflectedMethodCall::withReturn       2079 ns         2079 ns       331928
-----------------------------------
>>> Run 1: workload scale = 100

======== RTL Benchmark Configuration ========
Workload: concatenate string of length 500
Scale   : 100 iterations
=============================================

2025-09-11T00:30:53+05:30
Running ./bin/RTLBenchmarkApp
Run on (16 X 800 MHz CPU s)
CPU Caches:
  L1 Data 48 KiB (x8)
  L1 Instruction 32 KiB (x8)
  L2 Unified 1280 KiB (x8)
  L3 Unified 20480 KiB (x1)
Load Average: 1.24, 0.84, 0.75
--------------------------------------------------------------------------
Benchmark                                Time             CPU   Iterations
--------------------------------------------------------------------------
DirectCall::noReturn                  1960 ns         1959 ns       357975
StdFuncCall::noReturn                 2034 ns         2034 ns       341249
ReflectedCall::noReturn               2022 ns         2022 ns       341827

StdFuncMethodCall::noReturn           2013 ns         2013 ns       303915
ReflectedMethodCall::noReturn         2014 ns         2014 ns       343680
--------------------------------------------------------------------------
DirectCall::withReturn                2207 ns         2207 ns       310242
StdFuncCall::withReturn               2217 ns         2216 ns       310202
ReflectedCall::withReturn             2254 ns         2253 ns       304225

StdFuncMethodCall::withReturn         2240 ns         2239 ns       306452
ReflectedMethodCall::withReturn       2265 ns         2264 ns       299926
-----------------------------------
>>> Run 2: workload scale = 100

======== RTL Benchmark Configuration ========
Workload: concatenate string of length 500
Scale   : 100 iterations
=============================================

2025-09-11T00:31:02+05:30
Running ./bin/RTLBenchmarkApp
Run on (16 X 3021.9 MHz CPU s)
CPU Caches:
  L1 Data 48 KiB (x8)
  L1 Instruction 32 KiB (x8)
  L2 Unified 1280 KiB (x8)
  L3 Unified 20480 KiB (x1)
Load Average: 1.43, 0.90, 0.77
--------------------------------------------------------------------------
Benchmark                                Time             CPU   Iterations
--------------------------------------------------------------------------
DirectCall::noReturn                  1981 ns         1981 ns       342744
StdFuncCall::noReturn                 1966 ns         1965 ns       352075
ReflectedCall::noReturn               2002 ns         2001 ns       345397

StdFuncMethodCall::noReturn           2081 ns         2080 ns       341551
ReflectedMethodCall::noReturn         1969 ns         1969 ns       333753
--------------------------------------------------------------------------
DirectCall::withReturn                2207 ns         2207 ns       316294
StdFuncCall::withReturn               2208 ns         2207 ns       308338
ReflectedCall::withReturn             2215 ns         2215 ns       312972

StdFuncMethodCall::withReturn         2192 ns         2191 ns       314740
ReflectedMethodCall::withReturn       2224 ns         2223 ns       305823
-----------------------------------
>>> Run 3: workload scale = 100

======== RTL Benchmark Configuration ========
Workload: concatenate string of length 500
Scale   : 100 iterations
=============================================

2025-09-11T00:31:11+05:30
Running ./bin/RTLBenchmarkApp
Run on (16 X 4705.12 MHz CPU s)
CPU Caches:
  L1 Data 48 KiB (x8)
  L1 Instruction 32 KiB (x8)
  L2 Unified 1280 KiB (x8)
  L3 Unified 20480 KiB (x1)
Load Average: 1.44, 0.92, 0.78
--------------------------------------------------------------------------
Benchmark                                Time             CPU   Iterations
--------------------------------------------------------------------------
DirectCall::noReturn                  1940 ns         1939 ns       350727
StdFuncCall::noReturn                 1965 ns         1965 ns       347915
ReflectedCall::noReturn               1951 ns         1951 ns       352534

StdFuncMethodCall::noReturn           1938 ns         1938 ns       359757
ReflectedMethodCall::noReturn         1965 ns         1964 ns       356003
--------------------------------------------------------------------------
DirectCall::withReturn                2195 ns         2194 ns       317298
StdFuncCall::withReturn               2197 ns         2196 ns       316093
ReflectedCall::withReturn             2214 ns         2213 ns       302642

StdFuncMethodCall::withReturn         2197 ns         2197 ns       318178
ReflectedMethodCall::withReturn       2227 ns         2226 ns       313484
-----------------------------------
>>> Run 4: workload scale = 100

======== RTL Benchmark Configuration ========
Workload: concatenate string of length 500
Scale   : 100 iterations
=============================================

2025-09-11T00:31:21+05:30
Running ./bin/RTLBenchmarkApp
Run on (16 X 2658.72 MHz CPU s)
CPU Caches:
  L1 Data 48 KiB (x8)
  L1 Instruction 32 KiB (x8)
  L2 Unified 1280 KiB (x8)
  L3 Unified 20480 KiB (x1)
Load Average: 1.48, 0.94, 0.79
--------------------------------------------------------------------------
Benchmark                                Time             CPU   Iterations
--------------------------------------------------------------------------
DirectCall::noReturn                  2027 ns         2027 ns       330486
StdFuncCall::noReturn                 2014 ns         2013 ns       352994
ReflectedCall::noReturn               2031 ns         2030 ns       345623

StdFuncMethodCall::noReturn           1982 ns         1982 ns       341573
ReflectedMethodCall::noReturn         2017 ns         2017 ns       349908
--------------------------------------------------------------------------
DirectCall::withReturn                2296 ns         2296 ns       294346
StdFuncCall::withReturn               2321 ns         2319 ns       300846
ReflectedCall::withReturn             2360 ns         2360 ns       286766

StdFuncMethodCall::withReturn         2270 ns         2270 ns       301661
ReflectedMethodCall::withReturn       2284 ns         2284 ns       291059
-----------------------------------
>>> Run 5: workload scale = 100

======== RTL Benchmark Configuration ========
Workload: concatenate string of length 500
Scale   : 100 iterations
=============================================

2025-09-11T00:31:30+05:30
Running ./bin/RTLBenchmarkApp
Run on (16 X 2259.74 MHz CPU s)
CPU Caches:
  L1 Data 48 KiB (x8)
  L1 Instruction 32 KiB (x8)
  L2 Unified 1280 KiB (x8)
  L3 Unified 20480 KiB (x1)
Load Average: 1.71, 1.00, 0.81
--------------------------------------------------------------------------
Benchmark                                Time             CPU   Iterations
--------------------------------------------------------------------------
DirectCall::noReturn                  1977 ns         1977 ns       353401
StdFuncCall::noReturn                 2000 ns         2000 ns       345838
ReflectedCall::noReturn               1986 ns         1985 ns       351401

StdFuncMethodCall::noReturn           1963 ns         1962 ns       353888
ReflectedMethodCall::noReturn         1965 ns         1965 ns       348781
--------------------------------------------------------------------------
DirectCall::withReturn                2208 ns         2207 ns       312994
StdFuncCall::withReturn               2208 ns         2208 ns       312348
ReflectedCall::withReturn             2234 ns         2234 ns       311258

StdFuncMethodCall::withReturn         2210 ns         2209 ns       313612
ReflectedMethodCall::withReturn       2243 ns         2243 ns       310464
-----------------------------------
>>> Run 1: workload scale = 125

======== RTL Benchmark Configuration ========
Workload: concatenate string of length 500
Scale   : 125 iterations
=============================================

2025-09-11T00:31:39+05:30
Running ./bin/RTLBenchmarkApp
Run on (16 X 2565.99 MHz CPU s)
CPU Caches:
  L1 Data 48 KiB (x8)
  L1 Instruction 32 KiB (x8)
  L2 Unified 1280 KiB (x8)
  L3 Unified 20480 KiB (x1)
Load Average: 1.89, 1.07, 0.83
--------------------------------------------------------------------------
Benchmark                                Time             CPU   Iterations
--------------------------------------------------------------------------
DirectCall::noReturn                  2186 ns         2186 ns       298930
StdFuncCall::noReturn                 2180 ns         2179 ns       316013
ReflectedCall::noReturn               2185 ns         2185 ns       317280

StdFuncMethodCall::noReturn           2178 ns         2178 ns       318283
ReflectedMethodCall::noReturn         2199 ns         2199 ns       317096
--------------------------------------------------------------------------
DirectCall::withReturn                2651 ns         2651 ns       262036
StdFuncCall::withReturn               2659 ns         2659 ns       262524
ReflectedCall::withReturn             2687 ns         2686 ns       259459

StdFuncMethodCall::withReturn         2662 ns         2661 ns       260168
ReflectedMethodCall::withReturn       2689 ns         2689 ns       255403
-----------------------------------
>>> Run 2: workload scale = 125

======== RTL Benchmark Configuration ========
Workload: concatenate string of length 500
Scale   : 125 iterations
=============================================

2025-09-11T00:31:49+05:30
Running ./bin/RTLBenchmarkApp
Run on (16 X 800 MHz CPU s)
CPU Caches:
  L1 Data 48 KiB (x8)
  L1 Instruction 32 KiB (x8)
  L2 Unified 1280 KiB (x8)
  L3 Unified 20480 KiB (x1)
Load Average: 1.76, 1.07, 0.84
--------------------------------------------------------------------------
Benchmark                                Time             CPU   Iterations
--------------------------------------------------------------------------
DirectCall::noReturn                  2167 ns         2166 ns       317573
StdFuncCall::noReturn                 2178 ns         2178 ns       319987
ReflectedCall::noReturn               2173 ns         2172 ns       319725

StdFuncMethodCall::noReturn           2167 ns         2167 ns       319864
ReflectedMethodCall::noReturn         2215 ns         2215 ns       314983
--------------------------------------------------------------------------
DirectCall::withReturn                2597 ns         2596 ns       267537
StdFuncCall::withReturn               2609 ns         2608 ns       263587
ReflectedCall::withReturn             2639 ns         2638 ns       264562

StdFuncMethodCall::withReturn         2594 ns         2593 ns       268609
ReflectedMethodCall::withReturn       2649 ns         2648 ns       261252
-----------------------------------
>>> Run 3: workload scale = 125

======== RTL Benchmark Configuration ========
Workload: concatenate string of length 500
Scale   : 125 iterations
=============================================

2025-09-11T00:31:59+05:30
Running ./bin/RTLBenchmarkApp
Run on (16 X 800 MHz CPU s)
CPU Caches:
  L1 Data 48 KiB (x8)
  L1 Instruction 32 KiB (x8)
  L2 Unified 1280 KiB (x8)
  L3 Unified 20480 KiB (x1)
Load Average: 1.64, 1.06, 0.84
--------------------------------------------------------------------------
Benchmark                                Time             CPU   Iterations
--------------------------------------------------------------------------
DirectCall::noReturn                  2187 ns         2187 ns       311240
StdFuncCall::noReturn                 2195 ns         2195 ns       321853
ReflectedCall::noReturn               2195 ns         2194 ns       315480

StdFuncMethodCall::noReturn           2188 ns         2187 ns       319537
ReflectedMethodCall::noReturn         2212 ns         2212 ns       315561
--------------------------------------------------------------------------
DirectCall::withReturn                2636 ns         2635 ns       264251
StdFuncCall::withReturn               2625 ns         2624 ns       264662
ReflectedCall::withReturn             2654 ns         2653 ns       261530

StdFuncMethodCall::withReturn         2625 ns         2625 ns       262978
ReflectedMethodCall::withReturn       2668 ns         2668 ns       259997
-----------------------------------
>>> Run 4: workload scale = 125

======== RTL Benchmark Configuration ========
Workload: concatenate string of length 500
Scale   : 125 iterations
=============================================

2025-09-11T00:32:08+05:30
Running ./bin/RTLBenchmarkApp
Run on (16 X 800 MHz CPU s)
CPU Caches:
  L1 Data 48 KiB (x8)
  L1 Instruction 32 KiB (x8)
  L2 Unified 1280 KiB (x8)
  L3 Unified 20480 KiB (x1)
Load Average: 1.54, 1.06, 0.84
--------------------------------------------------------------------------
Benchmark                                Time             CPU   Iterations
--------------------------------------------------------------------------
DirectCall::noReturn                  2181 ns         2180 ns       317614
StdFuncCall::noReturn                 2172 ns         2172 ns       317161
ReflectedCall::noReturn               2190 ns         2190 ns       321018

StdFuncMethodCall::noReturn           2281 ns         2281 ns       304077
ReflectedMethodCall::noReturn         2242 ns         2242 ns       290170
--------------------------------------------------------------------------
DirectCall::withReturn                2601 ns         2601 ns       266644
StdFuncCall::withReturn               2723 ns         2723 ns       263459
ReflectedCall::withReturn             2724 ns         2723 ns       257965

StdFuncMethodCall::withReturn         2611 ns         2611 ns       262426
ReflectedMethodCall::withReturn       2683 ns         2682 ns       258950
-----------------------------------
>>> Run 5: workload scale = 125

======== RTL Benchmark Configuration ========
Workload: concatenate string of length 500
Scale   : 125 iterations
=============================================

2025-09-11T00:32:18+05:30
Running ./bin/RTLBenchmarkApp
Run on (16 X 800 MHz CPU s)
CPU Caches:
  L1 Data 48 KiB (x8)
  L1 Instruction 32 KiB (x8)
  L2 Unified 1280 KiB (x8)
  L3 Unified 20480 KiB (x1)
Load Average: 1.46, 1.06, 0.84
--------------------------------------------------------------------------
Benchmark                                Time             CPU   Iterations
--------------------------------------------------------------------------
DirectCall::noReturn                  2195 ns         2195 ns       313426
StdFuncCall::noReturn                 2183 ns         2182 ns       312811
ReflectedCall::noReturn               2182 ns         2181 ns       320013

StdFuncMethodCall::noReturn           2184 ns         2184 ns       318661
ReflectedMethodCall::noReturn         2194 ns         2194 ns       317609
--------------------------------------------------------------------------
DirectCall::withReturn                2601 ns         2601 ns       261526
StdFuncCall::withReturn               2598 ns         2597 ns       266007
ReflectedCall::withReturn             2623 ns         2623 ns       264649

StdFuncMethodCall::withReturn         2593 ns         2593 ns       268179
ReflectedMethodCall::withReturn       2643 ns         2642 ns       261745
-----------------------------------
>>> Run 1: workload scale = 150

======== RTL Benchmark Configuration ========
Workload: concatenate string of length 500
Scale   : 150 iterations
=============================================

2025-09-11T00:32:28+05:30
Running ./bin/RTLBenchmarkApp
Run on (16 X 800 MHz CPU s)
CPU Caches:
  L1 Data 48 KiB (x8)
  L1 Instruction 32 KiB (x8)
  L2 Unified 1280 KiB (x8)
  L3 Unified 20480 KiB (x1)
Load Average: 1.46, 1.07, 0.85
--------------------------------------------------------------------------
Benchmark                                Time             CPU   Iterations
--------------------------------------------------------------------------
DirectCall::noReturn                  3533 ns         3532 ns       195801
StdFuncCall::noReturn                 3526 ns         3525 ns       197420
ReflectedCall::noReturn               3535 ns         3535 ns       196633

StdFuncMethodCall::noReturn           3524 ns         3523 ns       197148
ReflectedMethodCall::noReturn         3546 ns         3546 ns       194787
--------------------------------------------------------------------------
DirectCall::withReturn                3992 ns         3992 ns       173680
StdFuncCall::withReturn               3995 ns         3994 ns       174034
ReflectedCall::withReturn             4028 ns         4028 ns       172386

StdFuncMethodCall::withReturn         3989 ns         3989 ns       173898
ReflectedMethodCall::withReturn       4041 ns         4040 ns       172324
-----------------------------------
>>> Run 2: workload scale = 150

======== RTL Benchmark Configuration ========
Workload: concatenate string of length 500
Scale   : 150 iterations
=============================================

2025-09-11T00:32:39+05:30
Running ./bin/RTLBenchmarkApp
Run on (16 X 3872.32 MHz CPU s)
CPU Caches:
  L1 Data 48 KiB (x8)
  L1 Instruction 32 KiB (x8)
  L2 Unified 1280 KiB (x8)
  L3 Unified 20480 KiB (x1)
Load Average: 1.47, 1.09, 0.86
--------------------------------------------------------------------------
Benchmark                                Time             CPU   Iterations
--------------------------------------------------------------------------
DirectCall::noReturn                  3520 ns         3520 ns       194024
StdFuncCall::noReturn                 3532 ns         3532 ns       196774
ReflectedCall::noReturn               3531 ns         3530 ns       196912

StdFuncMethodCall::noReturn           3527 ns         3526 ns       197173
ReflectedMethodCall::noReturn         3545 ns         3544 ns       195935
--------------------------------------------------------------------------
DirectCall::withReturn                3988 ns         3987 ns       174580
StdFuncCall::withReturn               3986 ns         3985 ns       175002
ReflectedCall::withReturn             4015 ns         4014 ns       172705

StdFuncMethodCall::withReturn         4088 ns         4087 ns       174540
ReflectedMethodCall::withReturn       4095 ns         4094 ns       169848
-----------------------------------
>>> Run 3: workload scale = 150

======== RTL Benchmark Configuration ========
Workload: concatenate string of length 500
Scale   : 150 iterations
=============================================

2025-09-11T00:32:50+05:30
Running ./bin/RTLBenchmarkApp
Run on (16 X 800 MHz CPU s)
CPU Caches:
  L1 Data 48 KiB (x8)
  L1 Instruction 32 KiB (x8)
  L2 Unified 1280 KiB (x8)
  L3 Unified 20480 KiB (x1)
Load Average: 1.40, 1.08, 0.86
--------------------------------------------------------------------------
Benchmark                                Time             CPU   Iterations
--------------------------------------------------------------------------
DirectCall::noReturn                  3552 ns         3552 ns       195236
StdFuncCall::noReturn                 3563 ns         3562 ns       195128
ReflectedCall::noReturn               3559 ns         3558 ns       195504

StdFuncMethodCall::noReturn           3559 ns         3559 ns       195249
ReflectedMethodCall::noReturn         3574 ns         3573 ns       195050
--------------------------------------------------------------------------
DirectCall::withReturn                4036 ns         4035 ns       173264
StdFuncCall::withReturn               4022 ns         4021 ns       171261
ReflectedCall::withReturn             4060 ns         4059 ns       171454

StdFuncMethodCall::withReturn         4025 ns         4024 ns       172789
ReflectedMethodCall::withReturn       4065 ns         4064 ns       171108
-----------------------------------
>>> Run 4: workload scale = 150

======== RTL Benchmark Configuration ========
Workload: concatenate string of length 500
Scale   : 150 iterations
=============================================

2025-09-11T00:33:01+05:30
Running ./bin/RTLBenchmarkApp
Run on (16 X 800 MHz CPU s)
CPU Caches:
  L1 Data 48 KiB (x8)
  L1 Instruction 32 KiB (x8)
  L2 Unified 1280 KiB (x8)
  L3 Unified 20480 KiB (x1)
Load Average: 1.41, 1.10, 0.87
--------------------------------------------------------------------------
Benchmark                                Time             CPU   Iterations
--------------------------------------------------------------------------
DirectCall::noReturn                  3500 ns         3500 ns       197777
StdFuncCall::noReturn                 3519 ns         3518 ns       198267
ReflectedCall::noReturn               3539 ns         3538 ns       197240

StdFuncMethodCall::noReturn           3539 ns         3538 ns       197720
ReflectedMethodCall::noReturn         3563 ns         3563 ns       196002
--------------------------------------------------------------------------
DirectCall::withReturn                4079 ns         4078 ns       171166
StdFuncCall::withReturn               4069 ns         4069 ns       171810
ReflectedCall::withReturn             4099 ns         4097 ns       170406

StdFuncMethodCall::withReturn         4063 ns         4061 ns       170961
ReflectedMethodCall::withReturn       4036 ns         4035 ns       172161
-----------------------------------
>>> Run 5: workload scale = 150

======== RTL Benchmark Configuration ========
Workload: concatenate string of length 500
Scale   : 150 iterations
=============================================

2025-09-11T00:33:12+05:30
Running ./bin/RTLBenchmarkApp
Run on (16 X 1801.89 MHz CPU s)
CPU Caches:
  L1 Data 48 KiB (x8)
  L1 Instruction 32 KiB (x8)
  L2 Unified 1280 KiB (x8)
  L3 Unified 20480 KiB (x1)
Load Average: 1.39, 1.11, 0.87
--------------------------------------------------------------------------
Benchmark                                Time             CPU   Iterations
--------------------------------------------------------------------------
DirectCall::noReturn                  3537 ns         3536 ns       198280
StdFuncCall::noReturn                 3515 ns         3515 ns       198830
ReflectedCall::noReturn               3521 ns         3520 ns       198314

StdFuncMethodCall::noReturn           3514 ns         3514 ns       196875
ReflectedMethodCall::noReturn         3586 ns         3586 ns       194396
--------------------------------------------------------------------------
DirectCall::withReturn                4039 ns         4038 ns       173252
StdFuncCall::withReturn               4029 ns         4029 ns       174445
ReflectedCall::withReturn             4015 ns         4014 ns       172859

StdFuncMethodCall::withReturn         3996 ns         3996 ns       174457
ReflectedMethodCall::withReturn       4030 ns         4029 ns       172232
-----------------------------------
>>> Run 1: workload scale = 175

======== RTL Benchmark Configuration ========
Workload: concatenate string of length 500
Scale   : 175 iterations
=============================================

2025-09-11T00:33:24+05:30
Running ./bin/RTLBenchmarkApp
Run on (16 X 4390.34 MHz CPU s)
CPU Caches:
  L1 Data 48 KiB (x8)
  L1 Instruction 32 KiB (x8)
  L2 Unified 1280 KiB (x8)
  L3 Unified 20480 KiB (x1)
Load Average: 1.33, 1.10, 0.88
--------------------------------------------------------------------------
Benchmark                                Time             CPU   Iterations
--------------------------------------------------------------------------
DirectCall::noReturn                  3802 ns         3801 ns       184513
StdFuncCall::noReturn                 3795 ns         3794 ns       184144
ReflectedCall::noReturn               3790 ns         3789 ns       184898

StdFuncMethodCall::noReturn           3765 ns         3764 ns       177760
ReflectedMethodCall::noReturn         3778 ns         3778 ns       183638
--------------------------------------------------------------------------
DirectCall::withReturn                4329 ns         4328 ns       161157
StdFuncCall::withReturn               4332 ns         4330 ns       160003
ReflectedCall::withReturn             4367 ns         4366 ns       159612

StdFuncMethodCall::withReturn         4335 ns         4335 ns       160361
ReflectedMethodCall::withReturn       4372 ns         4371 ns       159538
-----------------------------------
>>> Run 2: workload scale = 175

======== RTL Benchmark Configuration ========
Workload: concatenate string of length 500
Scale   : 175 iterations
=============================================

2025-09-11T00:33:35+05:30
Running ./bin/RTLBenchmarkApp
Run on (16 X 4300.1 MHz CPU s)
CPU Caches:
  L1 Data 48 KiB (x8)
  L1 Instruction 32 KiB (x8)
  L2 Unified 1280 KiB (x8)
  L3 Unified 20480 KiB (x1)
Load Average: 1.28, 1.10, 0.88
--------------------------------------------------------------------------
Benchmark                                Time             CPU   Iterations
--------------------------------------------------------------------------
DirectCall::noReturn                  3778 ns         3777 ns       183159
StdFuncCall::noReturn                 3762 ns         3761 ns       185032
ReflectedCall::noReturn               3764 ns         3762 ns       185710

StdFuncMethodCall::noReturn           3758 ns         3757 ns       185331
ReflectedMethodCall::noReturn         3779 ns         3778 ns       176155
--------------------------------------------------------------------------
DirectCall::withReturn                4339 ns         4338 ns       159051
StdFuncCall::withReturn               4342 ns         4342 ns       160567
ReflectedCall::withReturn             4363 ns         4362 ns       159875

StdFuncMethodCall::withReturn         4338 ns         4337 ns       160163
ReflectedMethodCall::withReturn       4382 ns         4382 ns       159491
-----------------------------------
>>> Run 3: workload scale = 175

======== RTL Benchmark Configuration ========
Workload: concatenate string of length 500
Scale   : 175 iterations
=============================================

2025-09-11T00:33:47+05:30
Running ./bin/RTLBenchmarkApp
Run on (16 X 800 MHz CPU s)
CPU Caches:
  L1 Data 48 KiB (x8)
  L1 Instruction 32 KiB (x8)
  L2 Unified 1280 KiB (x8)
  L3 Unified 20480 KiB (x1)
Load Average: 1.21, 1.09, 0.88
--------------------------------------------------------------------------
Benchmark                                Time             CPU   Iterations
--------------------------------------------------------------------------
DirectCall::noReturn                  3768 ns         3767 ns       186032
StdFuncCall::noReturn                 3753 ns         3753 ns       181678
ReflectedCall::noReturn               3767 ns         3767 ns       184272

StdFuncMethodCall::noReturn           3759 ns         3758 ns       183679
ReflectedMethodCall::noReturn         3774 ns         3773 ns       184695
--------------------------------------------------------------------------
DirectCall::withReturn                4341 ns         4341 ns       160622
StdFuncCall::withReturn               4356 ns         4355 ns       159689
ReflectedCall::withReturn             4369 ns         4368 ns       159362

StdFuncMethodCall::withReturn         4353 ns         4352 ns       160835
ReflectedMethodCall::withReturn       4376 ns         4375 ns       159727
-----------------------------------
>>> Run 4: workload scale = 175

======== RTL Benchmark Configuration ========
Workload: concatenate string of length 500
Scale   : 175 iterations
=============================================

2025-09-11T00:33:58+05:30
Running ./bin/RTLBenchmarkApp
Run on (16 X 800 MHz CPU s)
CPU Caches:
  L1 Data 48 KiB (x8)
  L1 Instruction 32 KiB (x8)
  L2 Unified 1280 KiB (x8)
  L3 Unified 20480 KiB (x1)
Load Average: 1.26, 1.11, 0.89
--------------------------------------------------------------------------
Benchmark                                Time             CPU   Iterations
--------------------------------------------------------------------------
DirectCall::noReturn                  3755 ns         3754 ns       186615
StdFuncCall::noReturn                 3745 ns         3744 ns       184616
ReflectedCall::noReturn               3771 ns         3771 ns       185449

StdFuncMethodCall::noReturn           3747 ns         3747 ns       186113
ReflectedMethodCall::noReturn         3773 ns         3772 ns       182904
--------------------------------------------------------------------------
DirectCall::withReturn                4325 ns         4323 ns       161325
StdFuncCall::withReturn               4321 ns         4321 ns       160422
ReflectedCall::withReturn             4348 ns         4347 ns       159032

StdFuncMethodCall::withReturn         4315 ns         4315 ns       159476
ReflectedMethodCall::withReturn       4363 ns         4362 ns       159343
-----------------------------------
>>> Run 5: workload scale = 175

======== RTL Benchmark Configuration ========
Workload: concatenate string of length 500
Scale   : 175 iterations
=============================================

2025-09-11T00:34:10+05:30
Running ./bin/RTLBenchmarkApp
Run on (16 X 800 MHz CPU s)
CPU Caches:
  L1 Data 48 KiB (x8)
  L1 Instruction 32 KiB (x8)
  L2 Unified 1280 KiB (x8)
  L3 Unified 20480 KiB (x1)
Load Average: 1.22, 1.10, 0.89
--------------------------------------------------------------------------
Benchmark                                Time             CPU   Iterations
--------------------------------------------------------------------------
DirectCall::noReturn                  3824 ns         3823 ns       182597
StdFuncCall::noReturn                 3822 ns         3822 ns       182367
ReflectedCall::noReturn               3835 ns         3835 ns       182224

StdFuncMethodCall::noReturn           3820 ns         3820 ns       182550
ReflectedMethodCall::noReturn         3878 ns         3877 ns       179398
--------------------------------------------------------------------------
DirectCall::withReturn                4498 ns         4497 ns       153854
StdFuncCall::withReturn               4437 ns         4436 ns       157785
ReflectedCall::withReturn             4484 ns         4483 ns       156149

StdFuncMethodCall::withReturn         4469 ns         4467 ns       155734
ReflectedMethodCall::withReturn       4484 ns         4483 ns       154092
-----------------------------------
>>> Run 1: workload scale = 200

======== RTL Benchmark Configuration ========
Workload: concatenate string of length 500
Scale   : 200 iterations
=============================================

2025-09-11T00:34:21+05:30
Running ./bin/RTLBenchmarkApp
Run on (16 X 2714.66 MHz CPU s)
CPU Caches:
  L1 Data 48 KiB (x8)
  L1 Instruction 32 KiB (x8)
  L2 Unified 1280 KiB (x8)
  L3 Unified 20480 KiB (x1)
Load Average: 1.19, 1.10, 0.89
--------------------------------------------------------------------------
Benchmark                                Time             CPU   Iterations
--------------------------------------------------------------------------
DirectCall::noReturn                  4158 ns         4157 ns       168841
StdFuncCall::noReturn                 4107 ns         4107 ns       167421
ReflectedCall::noReturn               4073 ns         4072 ns       172223

StdFuncMethodCall::noReturn           4072 ns         4071 ns       171726
ReflectedMethodCall::noReturn         4078 ns         4077 ns       171379
--------------------------------------------------------------------------
DirectCall::withReturn                4718 ns         4718 ns       148098
StdFuncCall::withReturn               4703 ns         4702 ns       146865
ReflectedCall::withReturn             4735 ns         4733 ns       146683

StdFuncMethodCall::withReturn         4858 ns         4858 ns       147228
ReflectedMethodCall::withReturn       4877 ns         4876 ns       135299
-----------------------------------
>>> Run 2: workload scale = 200

======== RTL Benchmark Configuration ========
Workload: concatenate string of length 500
Scale   : 200 iterations
=============================================

2025-09-11T00:34:33+05:30
Running ./bin/RTLBenchmarkApp
Run on (16 X 4000.23 MHz CPU s)
CPU Caches:
  L1 Data 48 KiB (x8)
  L1 Instruction 32 KiB (x8)
  L2 Unified 1280 KiB (x8)
  L3 Unified 20480 KiB (x1)
Load Average: 1.14, 1.09, 0.90
--------------------------------------------------------------------------
Benchmark                                Time             CPU   Iterations
--------------------------------------------------------------------------
DirectCall::noReturn                  4149 ns         4149 ns       171540
StdFuncCall::noReturn                 4078 ns         4078 ns       173142
ReflectedCall::noReturn               4163 ns         4162 ns       172296

StdFuncMethodCall::noReturn           4164 ns         4163 ns       171601
ReflectedMethodCall::noReturn         4206 ns         4206 ns       167024
--------------------------------------------------------------------------
DirectCall::withReturn                4803 ns         4802 ns       146401
StdFuncCall::withReturn               4767 ns         4766 ns       146265
ReflectedCall::withReturn             4813 ns         4813 ns       144824

StdFuncMethodCall::withReturn         4797 ns         4797 ns       144938
ReflectedMethodCall::withReturn       4842 ns         4841 ns       143714
-----------------------------------
>>> Run 3: workload scale = 200

======== RTL Benchmark Configuration ========
Workload: concatenate string of length 500
Scale   : 200 iterations
=============================================

2025-09-11T00:34:45+05:30
Running ./bin/RTLBenchmarkApp
Run on (16 X 3428.64 MHz CPU s)
CPU Caches:
  L1 Data 48 KiB (x8)
  L1 Instruction 32 KiB (x8)
  L2 Unified 1280 KiB (x8)
  L3 Unified 20480 KiB (x1)
Load Average: 1.20, 1.11, 0.90
--------------------------------------------------------------------------
Benchmark                                Time             CPU   Iterations
--------------------------------------------------------------------------
DirectCall::noReturn                  4051 ns         4050 ns       169785
StdFuncCall::noReturn                 4060 ns         4060 ns       171288
ReflectedCall::noReturn               4069 ns         4067 ns       171269

StdFuncMethodCall::noReturn           4037 ns         4036 ns       171130
ReflectedMethodCall::noReturn         4070 ns         4069 ns       170385
--------------------------------------------------------------------------
DirectCall::withReturn                4715 ns         4714 ns       147560
StdFuncCall::withReturn               4710 ns         4710 ns       147903
ReflectedCall::withReturn             4732 ns         4730 ns       146870

StdFuncMethodCall::withReturn         4706 ns         4705 ns       147200
ReflectedMethodCall::withReturn       4743 ns         4741 ns       146280
-----------------------------------
>>> Run 4: workload scale = 200

======== RTL Benchmark Configuration ========
Workload: concatenate string of length 500
Scale   : 200 iterations
=============================================

2025-09-11T00:34:56+05:30
Running ./bin/RTLBenchmarkApp
Run on (16 X 3097.37 MHz CPU s)
CPU Caches:
  L1 Data 48 KiB (x8)
  L1 Instruction 32 KiB (x8)
  L2 Unified 1280 KiB (x8)
  L3 Unified 20480 KiB (x1)
Load Average: 1.15, 1.10, 0.91
--------------------------------------------------------------------------
Benchmark                                Time             CPU   Iterations
--------------------------------------------------------------------------
DirectCall::noReturn                  4049 ns         4048 ns       172698
StdFuncCall::noReturn                 4028 ns         4028 ns       172826
ReflectedCall::noReturn               4020 ns         4019 ns       172895

StdFuncMethodCall::noReturn           4011 ns         4010 ns       173064
ReflectedMethodCall::noReturn         4022 ns         4022 ns       167520
--------------------------------------------------------------------------
DirectCall::withReturn                4674 ns         4673 ns       149145
StdFuncCall::withReturn               4664 ns         4663 ns       148506
ReflectedCall::withReturn             4701 ns         4700 ns       148023

StdFuncMethodCall::withReturn         4671 ns         4670 ns       149320
ReflectedMethodCall::withReturn       4706 ns         4706 ns       148082
-----------------------------------
>>> Run 5: workload scale = 200

======== RTL Benchmark Configuration ========
Workload: concatenate string of length 500
Scale   : 200 iterations
=============================================

2025-09-11T00:35:08+05:30
Running ./bin/RTLBenchmarkApp
Run on (16 X 1963.71 MHz CPU s)
CPU Caches:
  L1 Data 48 KiB (x8)
  L1 Instruction 32 KiB (x8)
  L2 Unified 1280 KiB (x8)
  L3 Unified 20480 KiB (x1)
Load Average: 1.13, 1.10, 0.91
--------------------------------------------------------------------------
Benchmark                                Time             CPU   Iterations
--------------------------------------------------------------------------
DirectCall::noReturn                  4035 ns         4035 ns       172990
StdFuncCall::noReturn                 4036 ns         4035 ns       169934
ReflectedCall::noReturn               4037 ns         4035 ns       173552

StdFuncMethodCall::noReturn           4027 ns         4027 ns       173475
ReflectedMethodCall::noReturn         4046 ns         4046 ns       172800
--------------------------------------------------------------------------
DirectCall::withReturn                4683 ns         4682 ns       149053
StdFuncCall::withReturn               4664 ns         4663 ns       148728
ReflectedCall::withReturn             4695 ns         4694 ns       148659

StdFuncMethodCall::withReturn         4666 ns         4665 ns       148374
ReflectedMethodCall::withReturn       4716 ns         4715 ns       147755
-----------------------------------
All benchmarks completed.
